[2020-04-28T20:41:49.155-0400][gc,heap] Heap region size: 1M
[2020-04-28T20:41:49.181-0400][gc     ] Using G1
[2020-04-28T20:41:49.181-0400][gc,heap,coops] Heap address: 0x00000000c0000000, size: 1024 MB, Compressed Oops mode: 32-bit
[2020-04-28T20:41:49.183-0400][gc,cds       ] Mark closed archive regions in map: [0x00000000fff00000, 0x00000000fff69ff8]
[2020-04-28T20:41:49.183-0400][gc,cds       ] Mark open archive regions in map: [0x00000000ffe00000, 0x00000000ffe46ff8]
[2020-04-28T20:41:50.346-0400][gc,start     ] GC(0) Pause Young (Normal) (G1 Evacuation Pause)
[2020-04-28T20:41:50.348-0400][gc,task      ] GC(0) Using 8 workers of 8 for evacuation
[2020-04-28T20:41:50.364-0400][gc,phases    ] GC(0)   Pre Evacuate Collection Set: 0.0ms
[2020-04-28T20:41:50.365-0400][gc,phases    ] GC(0)   Evacuate Collection Set: 15.1ms
[2020-04-28T20:41:50.365-0400][gc,phases    ] GC(0)   Post Evacuate Collection Set: 0.6ms
[2020-04-28T20:41:50.365-0400][gc,phases    ] GC(0)   Other: 2.2ms
[2020-04-28T20:41:50.365-0400][gc,heap      ] GC(0) Eden regions: 51->0(44)
[2020-04-28T20:41:50.365-0400][gc,heap      ] GC(0) Survivor regions: 0->7(7)
[2020-04-28T20:41:50.365-0400][gc,heap      ] GC(0) Old regions: 2->2
[2020-04-28T20:41:50.365-0400][gc,heap      ] GC(0) Humongous regions: 0->0
[2020-04-28T20:41:50.365-0400][gc,metaspace ] GC(0) Metaspace: 16093K->16093K(1062912K)
[2020-04-28T20:41:50.365-0400][gc           ] GC(0) Pause Young (Normal) (G1 Evacuation Pause) 51M->6M(1024M) 19.455ms
[2020-04-28T20:41:50.365-0400][gc,cpu       ] GC(0) User=0.02s Sys=0.03s Real=0.02s
[2020-04-28T20:41:50.644-0400][gc,start     ] GC(1) Pause Young (Concurrent Start) (Metadata GC Threshold)
[2020-04-28T20:41:50.644-0400][gc,task      ] GC(1) Using 8 workers of 8 for evacuation
[2020-04-28T20:41:50.659-0400][gc,phases    ] GC(1)   Pre Evacuate Collection Set: 0.0ms
[2020-04-28T20:41:50.659-0400][gc,phases    ] GC(1)   Evacuate Collection Set: 13.8ms
[2020-04-28T20:41:50.659-0400][gc,phases    ] GC(1)   Post Evacuate Collection Set: 0.5ms
[2020-04-28T20:41:50.659-0400][gc,phases    ] GC(1)   Other: 0.3ms
[2020-04-28T20:41:50.659-0400][gc,heap      ] GC(1) Eden regions: 19->0(50)
[2020-04-28T20:41:50.659-0400][gc,heap      ] GC(1) Survivor regions: 7->1(7)
[2020-04-28T20:41:50.659-0400][gc,heap      ] GC(1) Old regions: 2->9
[2020-04-28T20:41:50.659-0400][gc,heap      ] GC(1) Humongous regions: 0->0
[2020-04-28T20:41:50.659-0400][gc,metaspace ] GC(1) Metaspace: 20575K->20575K(1067008K)
[2020-04-28T20:41:50.659-0400][gc           ] GC(1) Pause Young (Concurrent Start) (Metadata GC Threshold) 25M->7M(1024M) 14.810ms
[2020-04-28T20:41:50.659-0400][gc,cpu       ] GC(1) User=0.08s Sys=0.03s Real=0.02s
[2020-04-28T20:41:50.659-0400][gc           ] GC(2) Concurrent Cycle
[2020-04-28T20:41:50.659-0400][gc,marking   ] GC(2) Concurrent Clear Claimed Marks
[2020-04-28T20:41:50.659-0400][gc,marking   ] GC(2) Concurrent Clear Claimed Marks 0.054ms
[2020-04-28T20:41:50.659-0400][gc,marking   ] GC(2) Concurrent Scan Root Regions
[2020-04-28T20:41:50.660-0400][gc,marking   ] GC(2) Concurrent Scan Root Regions 0.992ms
[2020-04-28T20:41:50.660-0400][gc,marking   ] GC(2) Concurrent Mark (1.516s)
[2020-04-28T20:41:50.660-0400][gc,marking   ] GC(2) Concurrent Mark From Roots
[2020-04-28T20:41:50.661-0400][gc,task      ] GC(2) Using 2 workers of 2 for marking
[2020-04-28T20:41:50.668-0400][gc,marking   ] GC(2) Concurrent Mark From Roots 7.704ms
[2020-04-28T20:41:50.668-0400][gc,marking   ] GC(2) Concurrent Preclean
[2020-04-28T20:41:50.668-0400][gc,marking   ] GC(2) Concurrent Preclean 0.223ms
[2020-04-28T20:41:50.668-0400][gc,marking   ] GC(2) Concurrent Mark (1.516s, 1.524s) 7.994ms
[2020-04-28T20:41:50.668-0400][gc,start     ] GC(2) Pause Remark
[2020-04-28T20:41:50.670-0400][gc,stringtable] GC(2) Cleaned string and symbol table, strings: 4880 processed, 0 removed, symbols: 50954 processed, 53 removed
[2020-04-28T20:41:50.670-0400][gc            ] GC(2) Pause Remark 8M->8M(1024M) 1.602ms
[2020-04-28T20:41:50.670-0400][gc,cpu        ] GC(2) User=0.00s Sys=0.00s Real=0.00s
[2020-04-28T20:41:50.670-0400][gc,marking    ] GC(2) Concurrent Rebuild Remembered Sets
[2020-04-28T20:41:50.673-0400][gc,marking    ] GC(2) Concurrent Rebuild Remembered Sets 3.244ms
[2020-04-28T20:41:50.674-0400][gc,start      ] GC(2) Pause Cleanup
[2020-04-28T20:41:50.674-0400][gc            ] GC(2) Pause Cleanup 8M->8M(1024M) 0.247ms
[2020-04-28T20:41:50.674-0400][gc,cpu        ] GC(2) User=0.00s Sys=0.00s Real=0.00s
[2020-04-28T20:41:50.674-0400][gc,marking    ] GC(2) Concurrent Cleanup for Next Mark
[2020-04-28T20:41:50.688-0400][gc,marking    ] GC(2) Concurrent Cleanup for Next Mark 13.947ms
[2020-04-28T20:41:50.688-0400][gc            ] GC(2) Concurrent Cycle 28.975ms
[2020-04-28T20:41:51.824-0400][gc,start      ] GC(3) Pause Young (Normal) (G1 Evacuation Pause)
[2020-04-28T20:41:51.824-0400][gc,task       ] GC(3) Using 8 workers of 8 for evacuation
[2020-04-28T20:41:51.829-0400][gc,phases     ] GC(3)   Pre Evacuate Collection Set: 0.0ms
[2020-04-28T20:41:51.829-0400][gc,phases     ] GC(3)   Evacuate Collection Set: 4.8ms
[2020-04-28T20:41:51.829-0400][gc,phases     ] GC(3)   Post Evacuate Collection Set: 0.6ms
[2020-04-28T20:41:51.829-0400][gc,phases     ] GC(3)   Other: 0.2ms
[2020-04-28T20:41:51.829-0400][gc,heap       ] GC(3) Eden regions: 50->0(46)
[2020-04-28T20:41:51.829-0400][gc,heap       ] GC(3) Survivor regions: 1->5(7)
[2020-04-28T20:41:51.829-0400][gc,heap       ] GC(3) Old regions: 9->9
[2020-04-28T20:41:51.829-0400][gc,heap       ] GC(3) Humongous regions: 129->129
[2020-04-28T20:41:51.829-0400][gc,metaspace  ] GC(3) Metaspace: 28697K->28697K(1075200K)
[2020-04-28T20:41:51.829-0400][gc            ] GC(3) Pause Young (Normal) (G1 Evacuation Pause) 186M->140M(1024M) 5.643ms
[2020-04-28T20:41:51.829-0400][gc,cpu        ] GC(3) User=0.04s Sys=0.01s Real=0.01s
[2020-04-28T20:41:52.534-0400][gc,start      ] GC(4) Pause Young (Concurrent Start) (Metadata GC Threshold)
[2020-04-28T20:41:52.534-0400][gc,task       ] GC(4) Using 8 workers of 8 for evacuation
[2020-04-28T20:41:52.543-0400][gc,phases     ] GC(4)   Pre Evacuate Collection Set: 0.1ms
[2020-04-28T20:41:52.543-0400][gc,phases     ] GC(4)   Evacuate Collection Set: 8.4ms
[2020-04-28T20:41:52.543-0400][gc,phases     ] GC(4)   Post Evacuate Collection Set: 0.6ms
[2020-04-28T20:41:52.544-0400][gc,phases     ] GC(4)   Other: 0.2ms
[2020-04-28T20:41:52.544-0400][gc,heap       ] GC(4) Eden regions: 33->0(48)
[2020-04-28T20:41:52.544-0400][gc,heap       ] GC(4) Survivor regions: 5->3(7)
[2020-04-28T20:41:52.544-0400][gc,heap       ] GC(4) Old regions: 9->13
[2020-04-28T20:41:52.544-0400][gc,heap       ] GC(4) Humongous regions: 129->129
[2020-04-28T20:41:52.544-0400][gc,metaspace  ] GC(4) Metaspace: 34285K->34285K(1079296K)
[2020-04-28T20:41:52.544-0400][gc            ] GC(4) Pause Young (Concurrent Start) (Metadata GC Threshold) 173M->142M(1024M) 9.444ms
[2020-04-28T20:41:52.544-0400][gc,cpu        ] GC(4) User=0.00s Sys=0.00s Real=0.01s
[2020-04-28T20:41:52.544-0400][gc            ] GC(5) Concurrent Cycle
[2020-04-28T20:41:52.544-0400][gc,marking    ] GC(5) Concurrent Clear Claimed Marks
[2020-04-28T20:41:52.544-0400][gc,marking    ] GC(5) Concurrent Clear Claimed Marks 0.171ms
[2020-04-28T20:41:52.544-0400][gc,marking    ] GC(5) Concurrent Scan Root Regions
[2020-04-28T20:41:52.546-0400][gc,marking    ] GC(5) Concurrent Scan Root Regions 1.525ms
[2020-04-28T20:41:52.546-0400][gc,marking    ] GC(5) Concurrent Mark (3.401s)
[2020-04-28T20:41:52.546-0400][gc,marking    ] GC(5) Concurrent Mark From Roots
[2020-04-28T20:41:52.546-0400][gc,task       ] GC(5) Using 2 workers of 2 for marking
[2020-04-28T20:41:52.556-0400][gc,marking    ] GC(5) Concurrent Mark From Roots 10.534ms
[2020-04-28T20:41:52.556-0400][gc,marking    ] GC(5) Concurrent Preclean
[2020-04-28T20:41:52.556-0400][gc,marking    ] GC(5) Concurrent Preclean 0.239ms
[2020-04-28T20:41:52.556-0400][gc,marking    ] GC(5) Concurrent Mark (3.401s, 3.412s) 10.862ms
[2020-04-28T20:41:52.557-0400][gc,start      ] GC(5) Pause Remark
[2020-04-28T20:41:52.559-0400][gc,stringtable] GC(5) Cleaned string and symbol table, strings: 11006 processed, 11 removed, symbols: 78239 processed, 23 removed
[2020-04-28T20:41:52.560-0400][gc            ] GC(5) Pause Remark 143M->143M(1024M) 2.931ms
[2020-04-28T20:41:52.560-0400][gc,cpu        ] GC(5) User=0.00s Sys=0.00s Real=0.01s
[2020-04-28T20:41:52.560-0400][gc,marking    ] GC(5) Concurrent Rebuild Remembered Sets
[2020-04-28T20:41:52.565-0400][gc,marking    ] GC(5) Concurrent Rebuild Remembered Sets 4.922ms
[2020-04-28T20:41:52.565-0400][gc,start      ] GC(5) Pause Cleanup
[2020-04-28T20:41:52.565-0400][gc            ] GC(5) Pause Cleanup 143M->143M(1024M) 0.219ms
[2020-04-28T20:41:52.565-0400][gc,cpu        ] GC(5) User=0.00s Sys=0.00s Real=0.00s
[2020-04-28T20:41:52.565-0400][gc,marking    ] GC(5) Concurrent Cleanup for Next Mark
[2020-04-28T20:41:52.576-0400][gc,marking    ] GC(5) Concurrent Cleanup for Next Mark 11.007ms
[2020-04-28T20:41:52.576-0400][gc            ] GC(5) Concurrent Cycle 32.441ms
[2020-04-28T20:55:19.058-0400][gc,heap,exit  ] Heap
[2020-04-28T20:55:19.058-0400][gc,heap,exit  ]  garbage-first heap   total 1048576K, used 187975K [0x00000000c0000000, 0x0000000100000000)
[2020-04-28T20:55:19.058-0400][gc,heap,exit  ]   region size 1024K, 46 young (47104K), 3 survivors (3072K)
[2020-04-28T20:55:19.058-0400][gc,heap,exit  ]  Metaspace       used 35672K, capacity 37319K, committed 37504K, reserved 1081344K
[2020-04-28T20:55:19.058-0400][gc,heap,exit  ]   class space    used 4671K, capacity 5469K, committed 5504K, reserved 1048576K
