[2020-04-28T20:15:05.705-0400][gc,heap] Heap region size: 1M
[2020-04-28T20:15:05.731-0400][gc     ] Using G1
[2020-04-28T20:15:05.731-0400][gc,heap,coops] Heap address: 0x00000000c0000000, size: 1024 MB, Compressed Oops mode: 32-bit
[2020-04-28T20:15:05.732-0400][gc,cds       ] Mark closed archive regions in map: [0x00000000fff00000, 0x00000000fff69ff8]
[2020-04-28T20:15:05.733-0400][gc,cds       ] Mark open archive regions in map: [0x00000000ffe00000, 0x00000000ffe46ff8]
[2020-04-28T20:15:06.852-0400][gc,start     ] GC(0) Pause Young (Normal) (G1 Evacuation Pause)
[2020-04-28T20:15:06.853-0400][gc,task      ] GC(0) Using 8 workers of 8 for evacuation
[2020-04-28T20:15:06.869-0400][gc,phases    ] GC(0)   Pre Evacuate Collection Set: 0.0ms
[2020-04-28T20:15:06.871-0400][gc,phases    ] GC(0)   Evacuate Collection Set: 14.7ms
[2020-04-28T20:15:06.871-0400][gc,phases    ] GC(0)   Post Evacuate Collection Set: 0.6ms
[2020-04-28T20:15:06.871-0400][gc,phases    ] GC(0)   Other: 2.0ms
[2020-04-28T20:15:06.871-0400][gc,heap      ] GC(0) Eden regions: 51->0(44)
[2020-04-28T20:15:06.871-0400][gc,heap      ] GC(0) Survivor regions: 0->7(7)
[2020-04-28T20:15:06.871-0400][gc,heap      ] GC(0) Old regions: 2->2
[2020-04-28T20:15:06.871-0400][gc,heap      ] GC(0) Humongous regions: 0->0
[2020-04-28T20:15:06.871-0400][gc,metaspace ] GC(0) Metaspace: 16093K->16093K(1062912K)
[2020-04-28T20:15:06.871-0400][gc           ] GC(0) Pause Young (Normal) (G1 Evacuation Pause) 51M->6M(1024M) 19.033ms
[2020-04-28T20:15:06.871-0400][gc,cpu       ] GC(0) User=0.00s Sys=0.04s Real=0.02s
[2020-04-28T20:15:07.132-0400][gc,start     ] GC(1) Pause Young (Concurrent Start) (Metadata GC Threshold)
[2020-04-28T20:15:07.132-0400][gc,task      ] GC(1) Using 8 workers of 8 for evacuation
[2020-04-28T20:15:07.146-0400][gc,phases    ] GC(1)   Pre Evacuate Collection Set: 0.0ms
[2020-04-28T20:15:07.146-0400][gc,phases    ] GC(1)   Evacuate Collection Set: 13.3ms
[2020-04-28T20:15:07.146-0400][gc,phases    ] GC(1)   Post Evacuate Collection Set: 0.3ms
[2020-04-28T20:15:07.146-0400][gc,phases    ] GC(1)   Other: 0.3ms
[2020-04-28T20:15:07.146-0400][gc,heap      ] GC(1) Eden regions: 19->0(49)
[2020-04-28T20:15:07.146-0400][gc,heap      ] GC(1) Survivor regions: 7->2(7)
[2020-04-28T20:15:07.146-0400][gc,heap      ] GC(1) Old regions: 2->9
[2020-04-28T20:15:07.146-0400][gc,heap      ] GC(1) Humongous regions: 0->0
[2020-04-28T20:15:07.146-0400][gc,metaspace ] GC(1) Metaspace: 20566K->20566K(1067008K)
[2020-04-28T20:15:07.146-0400][gc           ] GC(1) Pause Young (Concurrent Start) (Metadata GC Threshold) 25M->8M(1024M) 14.072ms
[2020-04-28T20:15:07.146-0400][gc,cpu       ] GC(1) User=0.10s Sys=0.03s Real=0.01s
[2020-04-28T20:15:07.146-0400][gc           ] GC(2) Concurrent Cycle
[2020-04-28T20:15:07.146-0400][gc,marking   ] GC(2) Concurrent Clear Claimed Marks
[2020-04-28T20:15:07.146-0400][gc,marking   ] GC(2) Concurrent Clear Claimed Marks 0.042ms
[2020-04-28T20:15:07.146-0400][gc,marking   ] GC(2) Concurrent Scan Root Regions
[2020-04-28T20:15:07.147-0400][gc,marking   ] GC(2) Concurrent Scan Root Regions 1.048ms
[2020-04-28T20:15:07.147-0400][gc,marking   ] GC(2) Concurrent Mark (1.452s)
[2020-04-28T20:15:07.147-0400][gc,marking   ] GC(2) Concurrent Mark From Roots
[2020-04-28T20:15:07.147-0400][gc,task      ] GC(2) Using 2 workers of 2 for marking
[2020-04-28T20:15:07.154-0400][gc,marking   ] GC(2) Concurrent Mark From Roots 6.551ms
[2020-04-28T20:15:07.154-0400][gc,marking   ] GC(2) Concurrent Preclean
[2020-04-28T20:15:07.154-0400][gc,marking   ] GC(2) Concurrent Preclean 0.221ms
[2020-04-28T20:15:07.154-0400][gc,marking   ] GC(2) Concurrent Mark (1.452s, 1.459s) 6.842ms
[2020-04-28T20:15:07.154-0400][gc,start     ] GC(2) Pause Remark
[2020-04-28T20:15:07.156-0400][gc,stringtable] GC(2) Cleaned string and symbol table, strings: 4872 processed, 0 removed, symbols: 51003 processed, 52 removed
[2020-04-28T20:15:07.156-0400][gc            ] GC(2) Pause Remark 8M->8M(1024M) 1.543ms
[2020-04-28T20:15:07.156-0400][gc,cpu        ] GC(2) User=0.00s Sys=0.00s Real=0.00s
[2020-04-28T20:15:07.156-0400][gc,marking    ] GC(2) Concurrent Rebuild Remembered Sets
[2020-04-28T20:15:07.159-0400][gc,marking    ] GC(2) Concurrent Rebuild Remembered Sets 2.570ms
[2020-04-28T20:15:07.159-0400][gc,start      ] GC(2) Pause Cleanup
[2020-04-28T20:15:07.159-0400][gc            ] GC(2) Pause Cleanup 8M->8M(1024M) 0.291ms
[2020-04-28T20:15:07.159-0400][gc,cpu        ] GC(2) User=0.00s Sys=0.00s Real=0.00s
[2020-04-28T20:15:07.159-0400][gc,marking    ] GC(2) Concurrent Cleanup for Next Mark
[2020-04-28T20:15:07.172-0400][gc,marking    ] GC(2) Concurrent Cleanup for Next Mark 12.662ms
[2020-04-28T20:15:07.172-0400][gc            ] GC(2) Concurrent Cycle 25.789ms
[2020-04-28T20:15:08.147-0400][gc,heap,exit  ] Heap
[2020-04-28T20:15:08.147-0400][gc,heap,exit  ]  garbage-first heap   total 1048576K, used 184320K [0x00000000c0000000, 0x0000000100000000)
[2020-04-28T20:15:08.147-0400][gc,heap,exit  ]   region size 1024K, 47 young (48128K), 2 survivors (2048K)
[2020-04-28T20:15:08.147-0400][gc,heap,exit  ]  Metaspace       used 27030K, capacity 27942K, committed 28032K, reserved 1073152K
[2020-04-28T20:15:08.147-0400][gc,heap,exit  ]   class space    used 3504K, capacity 3931K, committed 3968K, reserved 1048576K
