[2020-04-28T22:04:53.362-0400][gc,heap] Heap region size: 1M
[2020-04-28T22:04:53.388-0400][gc     ] Using G1
[2020-04-28T22:04:53.388-0400][gc,heap,coops] Heap address: 0x00000000c0000000, size: 1024 MB, Compressed Oops mode: 32-bit
[2020-04-28T22:04:53.389-0400][gc,cds       ] Mark closed archive regions in map: [0x00000000fff00000, 0x00000000fff69ff8]
[2020-04-28T22:04:53.389-0400][gc,cds       ] Mark open archive regions in map: [0x00000000ffe00000, 0x00000000ffe46ff8]
[2020-04-28T22:04:54.555-0400][gc,start     ] GC(0) Pause Young (Normal) (G1 Evacuation Pause)
[2020-04-28T22:04:54.557-0400][gc,task      ] GC(0) Using 8 workers of 8 for evacuation
[2020-04-28T22:04:54.572-0400][gc,phases    ] GC(0)   Pre Evacuate Collection Set: 0.0ms
[2020-04-28T22:04:54.574-0400][gc,phases    ] GC(0)   Evacuate Collection Set: 14.7ms
[2020-04-28T22:04:54.574-0400][gc,phases    ] GC(0)   Post Evacuate Collection Set: 0.5ms
[2020-04-28T22:04:54.574-0400][gc,phases    ] GC(0)   Other: 2.2ms
[2020-04-28T22:04:54.574-0400][gc,heap      ] GC(0) Eden regions: 51->0(44)
[2020-04-28T22:04:54.574-0400][gc,heap      ] GC(0) Survivor regions: 0->7(7)
[2020-04-28T22:04:54.574-0400][gc,heap      ] GC(0) Old regions: 2->2
[2020-04-28T22:04:54.574-0400][gc,heap      ] GC(0) Humongous regions: 0->0
[2020-04-28T22:04:54.574-0400][gc,metaspace ] GC(0) Metaspace: 16080K->16080K(1062912K)
[2020-04-28T22:04:54.574-0400][gc           ] GC(0) Pause Young (Normal) (G1 Evacuation Pause) 51M->6M(1024M) 19.004ms
[2020-04-28T22:04:54.574-0400][gc,cpu       ] GC(0) User=0.02s Sys=0.04s Real=0.02s
[2020-04-28T22:04:54.980-0400][gc,start     ] GC(1) Pause Young (Concurrent Start) (Metadata GC Threshold)
[2020-04-28T22:04:54.980-0400][gc,task      ] GC(1) Using 8 workers of 8 for evacuation
[2020-04-28T22:04:54.995-0400][gc,phases    ] GC(1)   Pre Evacuate Collection Set: 0.0ms
[2020-04-28T22:04:54.995-0400][gc,phases    ] GC(1)   Evacuate Collection Set: 13.9ms
[2020-04-28T22:04:54.995-0400][gc,phases    ] GC(1)   Post Evacuate Collection Set: 0.4ms
[2020-04-28T22:04:54.995-0400][gc,phases    ] GC(1)   Other: 0.3ms
[2020-04-28T22:04:54.995-0400][gc,heap      ] GC(1) Eden regions: 19->0(49)
[2020-04-28T22:04:54.995-0400][gc,heap      ] GC(1) Survivor regions: 7->2(7)
[2020-04-28T22:04:54.995-0400][gc,heap      ] GC(1) Old regions: 2->9
[2020-04-28T22:04:54.995-0400][gc,heap      ] GC(1) Humongous regions: 0->0
[2020-04-28T22:04:54.995-0400][gc,metaspace ] GC(1) Metaspace: 20571K->20571K(1067008K)
[2020-04-28T22:04:54.995-0400][gc           ] GC(1) Pause Young (Concurrent Start) (Metadata GC Threshold) 25M->7M(1024M) 14.799ms
[2020-04-28T22:04:54.995-0400][gc,cpu       ] GC(1) User=0.01s Sys=0.02s Real=0.01s
[2020-04-28T22:04:54.995-0400][gc           ] GC(2) Concurrent Cycle
[2020-04-28T22:04:54.995-0400][gc,marking   ] GC(2) Concurrent Clear Claimed Marks
[2020-04-28T22:04:54.995-0400][gc,marking   ] GC(2) Concurrent Clear Claimed Marks 0.040ms
[2020-04-28T22:04:54.995-0400][gc,marking   ] GC(2) Concurrent Scan Root Regions
[2020-04-28T22:04:54.996-0400][gc,marking   ] GC(2) Concurrent Scan Root Regions 1.172ms
[2020-04-28T22:04:54.996-0400][gc,marking   ] GC(2) Concurrent Mark (1.645s)
[2020-04-28T22:04:54.996-0400][gc,marking   ] GC(2) Concurrent Mark From Roots
[2020-04-28T22:04:54.996-0400][gc,task      ] GC(2) Using 2 workers of 2 for marking
[2020-04-28T22:04:55.001-0400][gc,marking   ] GC(2) Concurrent Mark From Roots 5.229ms
[2020-04-28T22:04:55.001-0400][gc,marking   ] GC(2) Concurrent Preclean
[2020-04-28T22:04:55.002-0400][gc,marking   ] GC(2) Concurrent Preclean 0.214ms
[2020-04-28T22:04:55.002-0400][gc,marking   ] GC(2) Concurrent Mark (1.645s, 1.651s) 5.511ms
[2020-04-28T22:04:55.002-0400][gc,start     ] GC(2) Pause Remark
[2020-04-28T22:04:55.003-0400][gc,stringtable] GC(2) Cleaned string and symbol table, strings: 4862 processed, 0 removed, symbols: 50946 processed, 53 removed
[2020-04-28T22:04:55.003-0400][gc            ] GC(2) Pause Remark 8M->8M(1024M) 1.596ms
[2020-04-28T22:04:55.003-0400][gc,cpu        ] GC(2) User=0.00s Sys=0.00s Real=0.00s
[2020-04-28T22:04:55.003-0400][gc,marking    ] GC(2) Concurrent Rebuild Remembered Sets
[2020-04-28T22:04:55.006-0400][gc,marking    ] GC(2) Concurrent Rebuild Remembered Sets 2.432ms
[2020-04-28T22:04:55.006-0400][gc,start      ] GC(2) Pause Cleanup
[2020-04-28T22:04:55.006-0400][gc            ] GC(2) Pause Cleanup 8M->8M(1024M) 0.262ms
[2020-04-28T22:04:55.006-0400][gc,cpu        ] GC(2) User=0.00s Sys=0.00s Real=0.00s
[2020-04-28T22:04:55.006-0400][gc,marking    ] GC(2) Concurrent Cleanup for Next Mark
[2020-04-28T22:04:55.019-0400][gc,marking    ] GC(2) Concurrent Cleanup for Next Mark 12.221ms
[2020-04-28T22:04:55.019-0400][gc            ] GC(2) Concurrent Cycle 23.932ms
[2020-04-28T22:04:56.085-0400][gc,start      ] GC(3) Pause Young (Normal) (GCLocker Initiated GC)
[2020-04-28T22:04:56.085-0400][gc,task       ] GC(3) Using 8 workers of 8 for evacuation
[2020-04-28T22:04:56.089-0400][gc,phases     ] GC(3)   Pre Evacuate Collection Set: 0.0ms
[2020-04-28T22:04:56.089-0400][gc,phases     ] GC(3)   Evacuate Collection Set: 3.2ms
[2020-04-28T22:04:56.089-0400][gc,phases     ] GC(3)   Post Evacuate Collection Set: 0.5ms
[2020-04-28T22:04:56.089-0400][gc,phases     ] GC(3)   Other: 0.2ms
[2020-04-28T22:04:56.089-0400][gc,heap       ] GC(3) Eden regions: 49->0(46)
[2020-04-28T22:04:56.089-0400][gc,heap       ] GC(3) Survivor regions: 2->5(7)
[2020-04-28T22:04:56.089-0400][gc,heap       ] GC(3) Old regions: 9->9
[2020-04-28T22:04:56.089-0400][gc,heap       ] GC(3) Humongous regions: 129->129
[2020-04-28T22:04:56.089-0400][gc,metaspace  ] GC(3) Metaspace: 28517K->28517K(1075200K)
[2020-04-28T22:04:56.089-0400][gc            ] GC(3) Pause Young (Normal) (GCLocker Initiated GC) 185M->140M(1024M) 4.019ms
[2020-04-28T22:04:56.089-0400][gc,cpu        ] GC(3) User=0.00s Sys=0.00s Real=0.01s
[2020-04-28T22:04:56.872-0400][gc,start      ] GC(4) Pause Young (Concurrent Start) (Metadata GC Threshold)
[2020-04-28T22:04:56.872-0400][gc,task       ] GC(4) Using 8 workers of 8 for evacuation
[2020-04-28T22:04:56.880-0400][gc,phases     ] GC(4)   Pre Evacuate Collection Set: 0.1ms
[2020-04-28T22:04:56.880-0400][gc,phases     ] GC(4)   Evacuate Collection Set: 7.8ms
[2020-04-28T22:04:56.880-0400][gc,phases     ] GC(4)   Post Evacuate Collection Set: 0.5ms
[2020-04-28T22:04:56.880-0400][gc,phases     ] GC(4)   Other: 0.2ms
[2020-04-28T22:04:56.880-0400][gc,heap       ] GC(4) Eden regions: 34->0(48)
[2020-04-28T22:04:56.880-0400][gc,heap       ] GC(4) Survivor regions: 5->3(7)
[2020-04-28T22:04:56.880-0400][gc,heap       ] GC(4) Old regions: 9->13
[2020-04-28T22:04:56.880-0400][gc,heap       ] GC(4) Humongous regions: 129->129
[2020-04-28T22:04:56.880-0400][gc,metaspace  ] GC(4) Metaspace: 34306K->34306K(1079296K)
[2020-04-28T22:04:56.880-0400][gc            ] GC(4) Pause Young (Concurrent Start) (Metadata GC Threshold) 174M->142M(1024M) 8.732ms
[2020-04-28T22:04:56.880-0400][gc,cpu        ] GC(4) User=0.07s Sys=0.02s Real=0.01s
[2020-04-28T22:04:56.880-0400][gc            ] GC(5) Concurrent Cycle
[2020-04-28T22:04:56.880-0400][gc,marking    ] GC(5) Concurrent Clear Claimed Marks
[2020-04-28T22:04:56.881-0400][gc,marking    ] GC(5) Concurrent Clear Claimed Marks 0.111ms
[2020-04-28T22:04:56.881-0400][gc,marking    ] GC(5) Concurrent Scan Root Regions
[2020-04-28T22:04:56.882-0400][gc,marking    ] GC(5) Concurrent Scan Root Regions 1.387ms
[2020-04-28T22:04:56.882-0400][gc,marking    ] GC(5) Concurrent Mark (3.531s)
[2020-04-28T22:04:56.882-0400][gc,marking    ] GC(5) Concurrent Mark From Roots
[2020-04-28T22:04:56.882-0400][gc,task       ] GC(5) Using 2 workers of 2 for marking
[2020-04-28T22:04:56.893-0400][gc,marking    ] GC(5) Concurrent Mark From Roots 11.027ms
[2020-04-28T22:04:56.893-0400][gc,marking    ] GC(5) Concurrent Preclean
[2020-04-28T22:04:56.893-0400][gc,marking    ] GC(5) Concurrent Preclean 0.223ms
[2020-04-28T22:04:56.893-0400][gc,marking    ] GC(5) Concurrent Mark (3.531s, 3.542s) 11.331ms
[2020-04-28T22:04:56.893-0400][gc,start      ] GC(5) Pause Remark
[2020-04-28T22:04:56.895-0400][gc,stringtable] GC(5) Cleaned string and symbol table, strings: 10971 processed, 11 removed, symbols: 78240 processed, 23 removed
[2020-04-28T22:04:56.895-0400][gc            ] GC(5) Pause Remark 143M->143M(1024M) 1.934ms
[2020-04-28T22:04:56.895-0400][gc,cpu        ] GC(5) User=0.00s Sys=0.00s Real=0.00s
[2020-04-28T22:04:56.896-0400][gc,marking    ] GC(5) Concurrent Rebuild Remembered Sets
[2020-04-28T22:04:56.901-0400][gc,marking    ] GC(5) Concurrent Rebuild Remembered Sets 5.216ms
[2020-04-28T22:04:56.901-0400][gc,start      ] GC(5) Pause Cleanup
[2020-04-28T22:04:56.901-0400][gc            ] GC(5) Pause Cleanup 143M->143M(1024M) 0.331ms
[2020-04-28T22:04:56.901-0400][gc,cpu        ] GC(5) User=0.00s Sys=0.00s Real=0.00s
[2020-04-28T22:04:56.902-0400][gc,marking    ] GC(5) Concurrent Cleanup for Next Mark
[2020-04-28T22:04:56.913-0400][gc,marking    ] GC(5) Concurrent Cleanup for Next Mark 11.444ms
[2020-04-28T22:04:56.913-0400][gc            ] GC(5) Concurrent Cycle 32.693ms
[2020-04-28T22:18:19.611-0400][gc,start      ] GC(6) Pause Young (Normal) (G1 Evacuation Pause)
[2020-04-28T22:18:19.612-0400][gc,task       ] GC(6) Using 8 workers of 8 for evacuation
[2020-04-28T22:18:19.615-0400][gc,phases     ] GC(6)   Pre Evacuate Collection Set: 0.2ms
[2020-04-28T22:18:19.615-0400][gc,phases     ] GC(6)   Evacuate Collection Set: 2.2ms
[2020-04-28T22:18:19.615-0400][gc,phases     ] GC(6)   Post Evacuate Collection Set: 0.5ms
[2020-04-28T22:18:19.615-0400][gc,phases     ] GC(6)   Other: 0.2ms
[2020-04-28T22:18:19.615-0400][gc,heap       ] GC(6) Eden regions: 48->0(48)
[2020-04-28T22:18:19.615-0400][gc,heap       ] GC(6) Survivor regions: 3->3(7)
[2020-04-28T22:18:19.615-0400][gc,heap       ] GC(6) Old regions: 13->13
[2020-04-28T22:18:19.615-0400][gc,heap       ] GC(6) Humongous regions: 131->129
[2020-04-28T22:18:19.615-0400][gc,metaspace  ] GC(6) Metaspace: 37234K->37234K(1083392K)
[2020-04-28T22:18:19.615-0400][gc            ] GC(6) Pause Young (Normal) (G1 Evacuation Pause) 192M->143M(1024M) 3.353ms
[2020-04-28T22:18:19.615-0400][gc,cpu        ] GC(6) User=0.00s Sys=0.00s Real=0.00s
[2020-04-28T22:21:23.980-0400][gc,start      ] GC(7) Pause Young (Normal) (G1 Evacuation Pause)
[2020-04-28T22:21:23.980-0400][gc,task       ] GC(7) Using 8 workers of 8 for evacuation
[2020-04-28T22:21:23.985-0400][gc,phases     ] GC(7)   Pre Evacuate Collection Set: 0.2ms
[2020-04-28T22:21:23.985-0400][gc,phases     ] GC(7)   Evacuate Collection Set: 4.4ms
[2020-04-28T22:21:23.985-0400][gc,phases     ] GC(7)   Post Evacuate Collection Set: 0.5ms
[2020-04-28T22:21:23.986-0400][gc,phases     ] GC(7)   Other: 0.3ms
[2020-04-28T22:21:23.986-0400][gc,heap       ] GC(7) Eden regions: 48->0(44)
[2020-04-28T22:21:23.986-0400][gc,heap       ] GC(7) Survivor regions: 3->7(7)
[2020-04-28T22:21:23.986-0400][gc,heap       ] GC(7) Old regions: 13->13
[2020-04-28T22:21:23.986-0400][gc,heap       ] GC(7) Humongous regions: 135->129
[2020-04-28T22:21:23.986-0400][gc,metaspace  ] GC(7) Metaspace: 37836K->37836K(1083392K)
[2020-04-28T22:21:23.986-0400][gc            ] GC(7) Pause Young (Normal) (G1 Evacuation Pause) 197M->146M(1024M) 5.545ms
[2020-04-28T22:21:23.986-0400][gc,cpu        ] GC(7) User=0.13s Sys=0.00s Real=0.00s
[2020-04-28T22:24:13.167-0400][gc,start      ] GC(8) Pause Young (Normal) (G1 Evacuation Pause)
[2020-04-28T22:24:13.167-0400][gc,task       ] GC(8) Using 8 workers of 8 for evacuation
[2020-04-28T22:24:13.175-0400][gc,phases     ] GC(8)   Pre Evacuate Collection Set: 0.2ms
[2020-04-28T22:24:13.175-0400][gc,phases     ] GC(8)   Evacuate Collection Set: 7.3ms
[2020-04-28T22:24:13.175-0400][gc,phases     ] GC(8)   Post Evacuate Collection Set: 0.6ms
[2020-04-28T22:24:13.175-0400][gc,phases     ] GC(8)   Other: 0.2ms
[2020-04-28T22:24:13.175-0400][gc,heap       ] GC(8) Eden regions: 44->0(44)
[2020-04-28T22:24:13.175-0400][gc,heap       ] GC(8) Survivor regions: 7->7(7)
[2020-04-28T22:24:13.175-0400][gc,heap       ] GC(8) Old regions: 13->16
[2020-04-28T22:24:13.175-0400][gc,heap       ] GC(8) Humongous regions: 133->129
[2020-04-28T22:24:13.175-0400][gc,metaspace  ] GC(8) Metaspace: 38119K->38119K(1083392K)
[2020-04-28T22:24:13.175-0400][gc            ] GC(8) Pause Young (Normal) (G1 Evacuation Pause) 194M->149M(1024M) 8.481ms
[2020-04-28T22:24:13.175-0400][gc,cpu        ] GC(8) User=0.11s Sys=0.00s Real=0.01s
[2020-04-28T22:27:33.440-0400][gc,start      ] GC(9) Pause Young (Normal) (G1 Evacuation Pause)
[2020-04-28T22:27:33.440-0400][gc,task       ] GC(9) Using 8 workers of 8 for evacuation
[2020-04-28T22:27:33.443-0400][gc,phases     ] GC(9)   Pre Evacuate Collection Set: 0.0ms
[2020-04-28T22:27:33.443-0400][gc,phases     ] GC(9)   Evacuate Collection Set: 2.6ms
[2020-04-28T22:27:33.443-0400][gc,phases     ] GC(9)   Post Evacuate Collection Set: 0.4ms
[2020-04-28T22:27:33.443-0400][gc,phases     ] GC(9)   Other: 0.2ms
[2020-04-28T22:27:33.443-0400][gc,heap       ] GC(9) Eden regions: 44->0(47)
[2020-04-28T22:27:33.443-0400][gc,heap       ] GC(9) Survivor regions: 7->4(7)
[2020-04-28T22:27:33.443-0400][gc,heap       ] GC(9) Old regions: 16->17
[2020-04-28T22:27:33.443-0400][gc,heap       ] GC(9) Humongous regions: 129->129
[2020-04-28T22:27:33.443-0400][gc,metaspace  ] GC(9) Metaspace: 38192K->38192K(1083392K)
[2020-04-28T22:27:33.443-0400][gc            ] GC(9) Pause Young (Normal) (G1 Evacuation Pause) 193M->147M(1024M) 3.412ms
[2020-04-28T22:27:33.443-0400][gc,cpu        ] GC(9) User=0.00s Sys=0.00s Real=0.01s
[2020-04-28T22:31:11.749-0400][gc,start      ] GC(10) Pause Young (Normal) (G1 Evacuation Pause)
[2020-04-28T22:31:11.749-0400][gc,task       ] GC(10) Using 8 workers of 8 for evacuation
[2020-04-28T22:31:11.753-0400][gc,phases     ] GC(10)   Pre Evacuate Collection Set: 0.2ms
[2020-04-28T22:31:11.753-0400][gc,phases     ] GC(10)   Evacuate Collection Set: 3.7ms
[2020-04-28T22:31:11.753-0400][gc,phases     ] GC(10)   Post Evacuate Collection Set: 0.4ms
[2020-04-28T22:31:11.753-0400][gc,phases     ] GC(10)   Other: 0.2ms
[2020-04-28T22:31:11.753-0400][gc,heap       ] GC(10) Eden regions: 47->0(44)
[2020-04-28T22:31:11.753-0400][gc,heap       ] GC(10) Survivor regions: 4->7(7)
[2020-04-28T22:31:11.753-0400][gc,heap       ] GC(10) Old regions: 17->17
[2020-04-28T22:31:11.753-0400][gc,heap       ] GC(10) Humongous regions: 129->129
[2020-04-28T22:31:11.753-0400][gc,metaspace  ] GC(10) Metaspace: 38216K->38216K(1083392K)
[2020-04-28T22:31:11.753-0400][gc            ] GC(10) Pause Young (Normal) (G1 Evacuation Pause) 194M->151M(1024M) 4.676ms
[2020-04-28T22:31:11.753-0400][gc,cpu        ] GC(10) User=0.08s Sys=0.05s Real=0.00s
[2020-04-28T22:34:32.490-0400][gc,start      ] GC(11) Pause Young (Normal) (G1 Evacuation Pause)
[2020-04-28T22:34:32.490-0400][gc,task       ] GC(11) Using 8 workers of 8 for evacuation
[2020-04-28T22:34:32.504-0400][gc,phases     ] GC(11)   Pre Evacuate Collection Set: 0.0ms
[2020-04-28T22:34:32.504-0400][gc,phases     ] GC(11)   Evacuate Collection Set: 14.1ms
[2020-04-28T22:34:32.504-0400][gc,phases     ] GC(11)   Post Evacuate Collection Set: 0.4ms
[2020-04-28T22:34:32.504-0400][gc,phases     ] GC(11)   Other: 0.2ms
[2020-04-28T22:34:32.504-0400][gc,heap       ] GC(11) Eden regions: 44->0(46)
[2020-04-28T22:34:32.504-0400][gc,heap       ] GC(11) Survivor regions: 7->5(7)
[2020-04-28T22:34:32.504-0400][gc,heap       ] GC(11) Old regions: 17->24
[2020-04-28T22:34:32.504-0400][gc,heap       ] GC(11) Humongous regions: 131->129
[2020-04-28T22:34:32.504-0400][gc,metaspace  ] GC(11) Metaspace: 38219K->38219K(1083392K)
[2020-04-28T22:34:32.504-0400][gc            ] GC(11) Pause Young (Normal) (G1 Evacuation Pause) 197M->155M(1024M) 14.901ms
[2020-04-28T22:34:32.504-0400][gc,cpu        ] GC(11) User=0.00s Sys=0.00s Real=0.01s
[2020-04-28T22:35:26.016-0400][gc,heap,exit  ] Heap
[2020-04-28T22:35:26.016-0400][gc,heap,exit  ]  garbage-first heap   total 1048576K, used 178409K [0x00000000c0000000, 0x0000000100000000)
[2020-04-28T22:35:26.016-0400][gc,heap,exit  ]   region size 1024K, 26 young (26624K), 5 survivors (5120K)
[2020-04-28T22:35:26.016-0400][gc,heap,exit  ]  Metaspace       used 38902K, capacity 40956K, committed 41216K, reserved 1085440K
[2020-04-28T22:35:26.016-0400][gc,heap,exit  ]   class space    used 5118K, capacity 6076K, committed 6144K, reserved 1048576K
