[2020-04-28T20:41:11.721-0400][gc,heap] Heap region size: 1M
[2020-04-28T20:41:11.734-0400][gc     ] Using G1
[2020-04-28T20:41:11.734-0400][gc,heap,coops] Heap address: 0x00000000e0000000, size: 512 MB, Compressed Oops mode: 32-bit
[2020-04-28T20:41:11.735-0400][gc,cds       ] Mark closed archive regions in map: [0x00000000fff00000, 0x00000000fff69ff8]
[2020-04-28T20:41:11.736-0400][gc,cds       ] Mark open archive regions in map: [0x00000000ffe00000, 0x00000000ffe46ff8]
[2020-04-28T20:41:50.229-0400][gc,start     ] GC(0) Pause Young (Normal) (G1 Evacuation Pause)
[2020-04-28T20:41:50.230-0400][gc,task      ] GC(0) Using 8 workers of 8 for evacuation
[2020-04-28T20:41:50.245-0400][gc,phases    ] GC(0)   Pre Evacuate Collection Set: 0.0ms
[2020-04-28T20:41:50.248-0400][gc,phases    ] GC(0)   Evacuate Collection Set: 13.8ms
[2020-04-28T20:41:50.248-0400][gc,phases    ] GC(0)   Post Evacuate Collection Set: 0.5ms
[2020-04-28T20:41:50.248-0400][gc,phases    ] GC(0)   Other: 1.7ms
[2020-04-28T20:41:50.248-0400][gc,heap      ] GC(0) Eden regions: 25->0(21)
[2020-04-28T20:41:50.248-0400][gc,heap      ] GC(0) Survivor regions: 0->4(4)
[2020-04-28T20:41:50.248-0400][gc,heap      ] GC(0) Old regions: 2->4
[2020-04-28T20:41:50.248-0400][gc,heap      ] GC(0) Humongous regions: 0->0
[2020-04-28T20:41:50.248-0400][gc,metaspace ] GC(0) Metaspace: 7617K->7617K(1056768K)
[2020-04-28T20:41:50.248-0400][gc           ] GC(0) Pause Young (Normal) (G1 Evacuation Pause) 25M->5M(512M) 19.317ms
[2020-04-28T20:41:50.248-0400][gc,cpu       ] GC(0) User=0.05s Sys=0.03s Real=0.02s
[2020-04-28T20:55:20.470-0400][gc,heap,exit ] Heap
[2020-04-28T20:55:20.470-0400][gc,heap,exit ]  garbage-first heap   total 524288K, used 11051K [0x00000000e0000000, 0x0000000100000000)
[2020-04-28T20:55:20.470-0400][gc,heap,exit ]   region size 1024K, 10 young (10240K), 4 survivors (4096K)
[2020-04-28T20:55:20.470-0400][gc,heap,exit ]  Metaspace       used 8055K, capacity 8304K, committed 8448K, reserved 1056768K
[2020-04-28T20:55:20.470-0400][gc,heap,exit ]   class space    used 888K, capacity 1004K, committed 1024K, reserved 1048576K
